// Jest Snapshot v1, https://goo.gl/fbAQLP

exports[`Searchbar should match snapshot 1`] = `
<div>
  <main
    class="details-main max-width-inhibitor"
  >
    <h1>
      There was an error. Please go to 
      <a
        href="/"
      >
        home
      </a>
    </h1>
  </main>
</div>
`;
