// Jest Snapshot v1, https://goo.gl/fbAQLP

exports[`Searchbar should match snapshot 1`] = `
<div>
  <main
    class="max-width-inhibitor home-main"
  >
    <form>
      <input
        class="search-input"
        id="search"
        name="search"
        placeholder="Search city weather..."
        required=""
        type="text"
        value=""
      />
      <button
        class="submit-btn cursor-pointer"
        type="submit"
      >
        Search
      </button>
    </form>
    <section>
      <ul
        class="favCities"
      />
    </section>
  </main>
</div>
`;
