// Jest Snapshot v1, https://goo.gl/fbAQLP

exports[`Footer should match snapshot 1`] = `
<div>
  <footer
    class="p-5"
  >
    <div
      class="footer max-width-inhibitor"
    >
      <h5>
        WeatherAPP 
        2023
         Â©
      </h5>
      <span
        class="italic font-medium"
      >
        Powered by OpenWeather
      </span>
    </div>
  </footer>
</div>
`;
