// Jest Snapshot v1, https://goo.gl/fbAQLP

exports[`FavCities should match snapshot 1`] = `
<div>
  <section>
    <ul
      class="favCities"
    />
  </section>
</div>
`;
